This is XeTeX, Version 3.141592653-2.6-0.999998 (TeX Live 2026) (preloaded format=xelatex)
entering extended mode
(./_combined_manuscript.tex
LaTeX2e <2025-11-01>
L3 programming layer <2026-01-19>
(/usr/local/texlive/2026/texmf-dist/tex/latex/base/article.cls
Document Class: article 2025/01/22 v1.4n Standard LaTeX document class
(/usr/local/texlive/2026/texmf-dist/tex/latex/base/size10.clo))
(/usr/local/texlive/2026/texmf-dist/tex/latex/xcolor/xcolor.sty
(/usr/local/texlive/2026/texmf-dist/tex/latex/graphics-cfg/color.cfg)
(/usr/local/texlive/2026/texmf-dist/tex/latex/graphics-def/xetex.def)
(/usr/local/texlive/2026/texmf-dist/tex/latex/graphics/mathcolor.ltx))
(/usr/local/texlive/2026/texmf-dist/tex/latex/amsmath/amsmath.sty
For additional information on amsmath, use the `?' option.
(/usr/local/texlive/2026/texmf-dist/tex/latex/amsmath/amstext.sty
(/usr/local/texlive/2026/texmf-dist/tex/latex/amsmath/amsgen.sty))
(/usr/local/texlive/2026/texmf-dist/tex/latex/amsmath/amsbsy.sty)
(/usr/local/texlive/2026/texmf-dist/tex/latex/amsmath/amsopn.sty))
(/usr/local/texlive/2026/texmf-dist/tex/latex/amsfonts/amssymb.sty
(/usr/local/texlive/2026/texmf-dist/tex/latex/amsfonts/amsfonts.sty))
(/usr/local/texlive/2026/texmf-dist/tex/generic/iftex/iftex.sty)
(/usr/local/texlive/2026/texmf-dist/tex/latex/unicode-math/unicode-math.sty
(/usr/local/texlive/2026/texmf-dist/tex/latex/l3kernel/expl3.sty
(/usr/local/texlive/2026/texmf-dist/tex/latex/l3backend/l3backend-xetex.def))
(/usr/local/texlive/2026/texmf-dist/tex/latex/unicode-math/unicode-math-xetex.s
ty (/usr/local/texlive/2026/texmf-dist/tex/latex/l3packages/xparse/xparse.sty)
(/usr/local/texlive/2026/texmf-dist/tex/latex/l3packages/l3keys2e/l3keys2e.sty)
 (/usr/local/texlive/2026/texmf-dist/tex/latex/fontspec/fontspec.sty
(/usr/local/texlive/2026/texmf-dist/tex/latex/fontspec/fontspec-xetex.sty
(/usr/local/texlive/2026/texmf-dist/tex/latex/base/fontenc.sty)
(/usr/local/texlive/2026/texmf-dist/tex/latex/fontspec/fontspec.cfg)))
(/usr/local/texlive/2026/texmf-dist/tex/latex/base/fix-cm.sty
(/usr/local/texlive/2026/texmf-dist/tex/latex/base/ts1enc.def))
(/usr/local/texlive/2026/texmf-dist/tex/latex/unicode-math/unicode-math-table.t
ex))) (/usr/local/texlive/2026/texmf-dist/tex/latex/upquote/upquote.sty
(/usr/local/texlive/2026/texmf-dist/tex/latex/base/textcomp.sty))
(/usr/local/texlive/2026/texmf-dist/tex/latex/microtype/microtype.sty
(/usr/local/texlive/2026/texmf-dist/tex/latex/graphics/keyval.sty)
(/usr/local/texlive/2026/texmf-dist/tex/latex/etoolbox/etoolbox.sty)
(/usr/local/texlive/2026/texmf-dist/tex/latex/microtype/microtype-xetex.def)
(/usr/local/texlive/2026/texmf-dist/tex/latex/microtype/microtype.cfg))
(/usr/local/texlive/2026/texmf-dist/tex/latex/parskip/parskip.sty
(/usr/local/texlive/2026/texmf-dist/tex/latex/kvoptions/kvoptions.sty
(/usr/local/texlive/2026/texmf-dist/tex/generic/ltxcmds/ltxcmds.sty)
(/usr/local/texlive/2026/texmf-dist/tex/latex/kvsetkeys/kvsetkeys.sty)))
(/usr/local/texlive/2026/texmf-dist/tex/latex/fancyvrb/fancyvrb.sty)
(/usr/local/texlive/2026/texmf-dist/tex/latex/tools/longtable.sty)
(/usr/local/texlive/2026/texmf-dist/tex/latex/booktabs/booktabs.sty)
(/usr/local/texlive/2026/texmf-dist/tex/latex/tools/array.sty)
(/usr/local/texlive/2026/texmf-dist/tex/latex/caption/caption.sty
(/usr/local/texlive/2026/texmf-dist/tex/latex/caption/caption3.sty)
(/usr/local/texlive/2026/texmf-dist/tex/latex/caption/ltcaption.sty))
(/usr/local/texlive/2026/texmf-dist/tex/latex/tools/calc.sty)
(/usr/local/texlive/2026/texmf-dist/tex/latex/footnotehyper/footnotehyper.sty)
(/usr/local/texlive/2026/texmf-dist/tex/latex/graphics/graphicx.sty
(/usr/local/texlive/2026/texmf-dist/tex/latex/graphics/graphics.sty
(/usr/local/texlive/2026/texmf-dist/tex/latex/graphics/trig.sty)
(/usr/local/texlive/2026/texmf-dist/tex/latex/graphics-cfg/graphics.cfg)))
(/usr/local/texlive/2026/texmf-dist/tex/generic/babel/babel.sty
(/usr/local/texlive/2026/texmf-dist/tex/generic/babel/xebabel.def)
(/usr/local/texlive/2026/texmf-dist/tex/generic/babel/locale/en/babel-english.t
ex) (/usr/local/texlive/2026/texmf-dist/tex/generic/babel-english/english.ldf))
 (/usr/local/texlive/2026/texmf-dist/tex/latex/natbib/natbib.sty)
(/usr/local/texlive/2026/texmf-dist/tex/latex/caption/subcaption.sty)
(/usr/local/texlive/2026/texmf-dist/tex/latex/float/float.sty)
(/usr/local/texlive/2026/texmf-dist/tex/latex/bookmark/bookmark.sty
(/usr/local/texlive/2026/texmf-dist/tex/latex/hyperref/hyperref.sty
(/usr/local/texlive/2026/texmf-dist/tex/generic/kvdefinekeys/kvdefinekeys.sty)
(/usr/local/texlive/2026/texmf-dist/tex/generic/pdfescape/pdfescape.sty
(/usr/local/texlive/2026/texmf-dist/tex/generic/pdftexcmds/pdftexcmds.sty
(/usr/local/texlive/2026/texmf-dist/tex/generic/infwarerr/infwarerr.sty)))
(/usr/local/texlive/2026/texmf-dist/tex/latex/hycolor/hycolor.sty)
(/usr/local/texlive/2026/texmf-dist/tex/latex/hyperref/nameref.sty
(/usr/local/texlive/2026/texmf-dist/tex/latex/refcount/refcount.sty)
(/usr/local/texlive/2026/texmf-dist/tex/generic/gettitlestring/gettitlestring.s
ty)) (/usr/local/texlive/2026/texmf-dist/tex/generic/stringenc/stringenc.sty)
(/usr/local/texlive/2026/texmf-dist/tex/latex/hyperref/pd1enc.def)
(/usr/local/texlive/2026/texmf-dist/tex/generic/intcalc/intcalc.sty)
(/usr/local/texlive/2026/texmf-dist/tex/latex/hyperref/puenc.def)
(/usr/local/texlive/2026/texmf-dist/tex/latex/url/url.sty)
(/usr/local/texlive/2026/texmf-dist/tex/generic/bitset/bitset.sty
(/usr/local/texlive/2026/texmf-dist/tex/generic/bigintcalc/bigintcalc.sty)))
(/usr/local/texlive/2026/texmf-dist/tex/latex/hyperref/hxetex.def
(/usr/local/texlive/2026/texmf-dist/tex/latex/rerunfilecheck/rerunfilecheck.sty

(/usr/local/texlive/2026/texmf-dist/tex/generic/uniquecounter/uniquecounter.sty
))) (/usr/local/texlive/2026/texmf-dist/tex/latex/bookmark/bkm-dvipdfm.def))
(/usr/local/texlive/2026/texmf-dist/tex/latex/xurl/xurl.sty)
(/usr/local/texlive/2026/texmf-dist/tex/latex/seqsplit/seqsplit.sty)
(/usr/local/texlive/2026/texmf-dist/tex/latex/amscls/amsthm.sty)
(/usr/local/texlive/2026/texmf-dist/tex/latex/geometry/geometry.sty
(/usr/local/texlive/2026/texmf-dist/tex/generic/iftex/ifvtex.sty))
(/usr/local/texlive/2026/texmf-dist/tex/latex/algorithm2e/algorithm2e.sty
(/usr/local/texlive/2026/texmf-dist/tex/latex/base/ifthen.sty)
(/usr/local/texlive/2026/texmf-dist/tex/latex/ifoddpage/ifoddpage.sty)
(/usr/local/texlive/2026/texmf-dist/tex/latex/tools/xspace.sty)
(/usr/local/texlive/2026/texmf-dist/tex/latex/relsize/relsize.sty))
(/usr/local/texlive/2026/texmf-dist/tex/latex/listings/listings.sty
(/usr/local/texlive/2026/texmf-dist/tex/latex/listings/lstpatch.sty)
(/usr/local/texlive/2026/texmf-dist/tex/latex/listings/lstmisc.sty)
(/usr/local/texlive/2026/texmf-dist/tex/latex/listings/listings.cfg))
==> First Aid for listings.sty no longer applied!
    Expected:
        2024/09/23 1.10c (Carsten Heinz)
    but found:
        2025/11/14 1.11b (Carsten Heinz)
    so I'm assuming it got fixed.
(/usr/local/texlive/2026/texmf-dist/tex/latex/siunitx/siunitx.sty
(/usr/local/texlive/2026/texmf-dist/tex/latex/translations/translations.sty)

Package siunitx Warning: Option "binary-units" has been removed in this
(siunitx)                release.

) (/usr/local/texlive/2026/texmf-dist/tex/latex/cleveref/cleveref.sty)
==> First Aid for cleveref.sty applied!
(./_combined_manuscript.aux)
(/usr/local/texlive/2026/texmf-dist/tex/latex/microtype/mt-LatinModernRoman.cfg
)
*geometry* driver: auto-detecting
*geometry* detected driver: xetex

(/usr/local/texlive/2026/texmf-dist/tex/latex/translations/translations-basic-d
ictionary-english.trsl) [1] (./_combined_manuscript.toc
(/usr/local/texlive/2026/texmf-dist/tex/latex/amsfonts/umsa.fd)
(/usr/local/texlive/2026/texmf-dist/tex/latex/microtype/mt-msa.cfg)
(/usr/local/texlive/2026/texmf-dist/tex/latex/amsfonts/umsb.fd)
(/usr/local/texlive/2026/texmf-dist/tex/latex/microtype/mt-msb.cfg)) [1]
[2] [3] [4] [5] [6] [7] [8] [9] [10] [11] [12]
Overfull \hbox (3.84746pt too wide) in paragraph at lines 1084--1084
[]|\TU/lmr/m/n/10 normalized_luminance|

Overfull \hbox (3.29745pt too wide) in paragraph at lines 1089--1089
[]|\TU/lmr/m/n/10 normalized_amplitude|

Overfull \hbox (3.29745pt too wide) in paragraph at lines 1091--1091
[]|\TU/lmr/m/n/10 normalized_amplitude|

Overfull \hbox (10.02745pt too wide) in paragraph at lines 1095--1095
[]|\TU/lmr/m/n/10 spectral_bandwidth_hz|

Overfull \hbox (3.28745pt too wide) in paragraph at lines 1099--1099
[]|\TU/lmr/m/n/10 mean_temporal_delta|

Overfull \hbox (29.14745pt too wide) in paragraph at lines 1099--1099
[]|\TU/lmr/m/n/10 normalized_pixel_difference|
 [13] [14] [15] [16] [17] [18] [19] [20] [21] [22] [23] [24] [25] [26]
Overfull \hbox (9.74747pt too wide) in paragraph at lines 1960--1962
[]|\TU/lmr/m/n/10 output/data/architecture.json;
 [27] [28] [29] [30] [31]
Overfull \hbox (14.12746pt too wide) in paragraph at lines 2196--2197
\TU/lmr/m/n/10 pubmed.ncbi.nlm.nih.gov|

Overfull \hbox (3.78745pt too wide) in paragraph at lines 2200--2201
\TU/lmr/m/n/10 www.sciencedirect.com|

Overfull \hbox (14.12746pt too wide) in paragraph at lines 2214--2215
\TU/lmr/m/n/10 pubmed.ncbi.nlm.nih.gov|

Overfull \hbox (14.12746pt too wide) in paragraph at lines 2251--2252
\TU/lmr/m/n/10 pubmed.ncbi.nlm.nih.gov|

Overfull \hbox (14.12746pt too wide) in paragraph at lines 2263--2264
\TU/lmr/m/n/10 pubmed.ncbi.nlm.nih.gov|

Overfull \hbox (14.12746pt too wide) in paragraph at lines 2267--2268
\TU/lmr/m/n/10 pubmed.ncbi.nlm.nih.gov|

Overfull \hbox (14.12746pt too wide) in paragraph at lines 2271--2272
\TU/lmr/m/n/10 pubmed.ncbi.nlm.nih.gov|

Overfull \hbox (14.12746pt too wide) in paragraph at lines 2276--2276
\TU/lmr/m/n/10 pubmed.ncbi.nlm.nih.gov|

Overfull \hbox (14.12746pt too wide) in paragraph at lines 2291--2292
\TU/lmr/m/n/10 pubmed.ncbi.nlm.nih.gov|

Overfull \hbox (14.12746pt too wide) in paragraph at lines 2295--2296
\TU/lmr/m/n/10 pubmed.ncbi.nlm.nih.gov|

Overfull \hbox (22.51746pt too wide) in paragraph at lines 2345--2346
\TU/lmr/m/n/10 data/evidence_matrix.json|

Overfull \hbox (22.51746pt too wide) in paragraph at lines 2353--2354
\TU/lmr/m/n/10 data/evidence_matrix.json|

Overfull \hbox (22.51746pt too wide) in paragraph at lines 2360--2361
\TU/lmr/m/n/10 data/evidence_matrix.json|

Overfull \hbox (22.51746pt too wide) in paragraph at lines 2367--2367
\TU/lmr/m/n/10 data/evidence_matrix.json|

Overfull \hbox (22.51746pt too wide) in paragraph at lines 2374--2375
\TU/lmr/m/n/10 data/evidence_matrix.json|

Overfull \hbox (22.51746pt too wide) in paragraph at lines 2381--2382
\TU/lmr/m/n/10 data/evidence_matrix.json|

Overfull \hbox (22.51746pt too wide) in paragraph at lines 2388--2389
\TU/lmr/m/n/10 data/evidence_matrix.json|

Overfull \hbox (22.51746pt too wide) in paragraph at lines 2395--2396
\TU/lmr/m/n/10 data/evidence_matrix.json|

Overfull \hbox (22.51746pt too wide) in paragraph at lines 2402--2403
\TU/lmr/m/n/10 data/evidence_matrix.json|

Overfull \hbox (22.51746pt too wide) in paragraph at lines 2409--2410
\TU/lmr/m/n/10 data/evidence_matrix.json|

Overfull \hbox (22.51746pt too wide) in paragraph at lines 2416--2417
\TU/lmr/m/n/10 data/evidence_matrix.json|

Overfull \hbox (22.51746pt too wide) in paragraph at lines 2423--2424
\TU/lmr/m/n/10 data/evidence_matrix.json|

Overfull \hbox (22.51746pt too wide) in paragraph at lines 2430--2431
\TU/lmr/m/n/10 data/evidence_matrix.json|

Overfull \hbox (22.51746pt too wide) in paragraph at lines 2438--2439
\TU/lmr/m/n/10 data/evidence_matrix.json|

Overfull \hbox (22.51746pt too wide) in paragraph at lines 2445--2445
\TU/lmr/m/n/10 data/evidence_matrix.json|

Overfull \hbox (22.51746pt too wide) in paragraph at lines 2452--2453
\TU/lmr/m/n/10 data/evidence_matrix.json|

Overfull \hbox (22.51746pt too wide) in paragraph at lines 2463--2464
\TU/lmr/m/n/10 data/evidence_matrix.json|

Overfull \hbox (22.51746pt too wide) in paragraph at lines 2470--2470
\TU/lmr/m/n/10 data/evidence_matrix.json|
 [32] [33] [34] [35] [36] [37] [38] [39] [40] [41] [42] [43]
Overfull \hbox (18.18747pt too wide) in paragraph at lines 2619--2626
\TU/lmr/m/n/10 sources=brugger1999duckrabbit;

Overfull \hbox (1.44746pt too wide) in paragraph at lines 2626--2626
[]|\TU/lmr/m/n/10 evidence:visual.simultaneous

Overfull \hbox (16.73747pt too wide) in paragraph at lines 2636--2643
\TU/lmr/m/n/10 sources=wertheimer1912motion;

Overfull \hbox (23.38747pt too wide) in paragraph at lines 2667--2667
[]|\TU/lmr/m/n/10 evidence:audiovisual.ventriloquist|

Overfull \hbox (16.87747pt too wide) in paragraph at lines 2669--2676
\TU/lmr/m/n/10 sources=bruns2019ventriloquist;

Overfull \hbox (6.54747pt too wide) in paragraph at lines 2704--2711
\TU/lmr/m/n/10 sources=kanizsa1976contours;

Overfull \hbox (22.88747pt too wide) in paragraph at lines 2713--2719
\TU/lmr/m/n/10 sources=mruczek2015ebbinghaus;

Overfull \hbox (25.15747pt too wide) in paragraph at lines 2721--2729
\TU/lmr/m/n/10 sources=zoellner1860pseudoscopy;

Overfull \hbox (11.19746pt too wide) in paragraph at lines 2749--2759
\TU/lmr/m/n/10 sources=warren1970continuity;

Overfull \hbox (7.76747pt too wide) in paragraph at lines 2759--2759
[]|\TU/lmr/m/n/10 evidence:audiovisual.temporal

Overfull \hbox (14.52747pt too wide) in paragraph at lines 2761--2769
\TU/lmr/m/n/10 sources=vroomen2004temporal;

Overfull \hbox (1.09747pt too wide) in paragraph at lines 2769--2769
[]|\TU/lmr/m/n/10 evidence:audiovisual.mcgurk|
 [44] [45] [46] [47] [48] [49] [50] [51] [52] [53]
Overfull \hbox (22.5529pt too wide) in paragraph at lines 2888--2888
[]\TU/lmr/bx/n/14.4 Appendix A. Complete catalog, source tiers, and evidence/im
plementation

Overfull \hbox (10.64745pt too wide) in paragraph at lines 2998--2998
[]|\TU/lmr/m/n/10 audiovisual.ventriloquist|
 [54] [55] [56] (./_combined_manuscript.bbl [57] [58]) [59]
(./_combined_manuscript.aux) )
(see the transcript file for additional information)
Output written on _combined_manuscript.pdf (60 pages).
Transcript written on _combined_manuscript.log.
